ARM Linker, 4.1 [Build 894] [Standard]

==============================================================================

Section Cross References

    2440init.o(RESET) refers to u2440mon.o(.text) for Main
    2440lib.o(.text) refers to dflti.o(.text) for __aeabi_i2d
    2440lib.o(.text) refers to dscalb.o(.text) for __ARM_scalbn
    2440lib.o(.text) refers to ddiv.o(.text) for __aeabi_ddiv
    2440lib.o(.text) refers to dadd.o(.text) for __aeabi_dadd
    2440lib.o(.text) refers to dfixi.o(.text) for __aeabi_d2iz
    2440lib.o(.text) refers to u2440mon.o(.data) for PCLK
    nand.o(.text) refers to memseta.o(.text) for __aeabi_memclr4
    nand.o(.text) refers to strlen.o(.text) for strlen
    nand.o(.text) refers to memcpya.o(.text) for __aeabi_memcpy
    nand.o(.text) refers to nand_lowlevel.o(.text) for CheckBadBlk
    nand.o(.text) refers to nand_lowlevel.o(.data) for boot_params
    nand.o(.text) refers to nand.o(.constdata) for .constdata
    nand.o(.text) refers to nand.o(.data) for .data
    nand_lowlevel.o(.text) refers to nand_lowlevel.o(.data) for .data
    u2440mon.o(.text) refers to 2440lib.o(.text) for Port_Init
    u2440mon.o(.text) refers to nand_lowlevel.o(.text) for InitNandFlash
    u2440mon.o(.text) refers to nand.o(.text) for LoadRun
    u2440mon.o(.text) refers to u2440mon.o(.constdata) for .constdata
    dadd.o(.text) refers (Special) to iusefp.o(.text) for __I$use$fp
    dadd.o(.text) refers to llshl.o(.text) for __aeabi_llsl
    dadd.o(.text) refers to llsshr.o(.text) for __aeabi_lasr
    dadd.o(.text) refers to depilogue.o(.text) for _double_epilogue
    ddiv.o(.text) refers (Special) to iusefp.o(.text) for __I$use$fp
    ddiv.o(.text) refers to depilogue.o(.text) for _double_round
    dscalb.o(.text) refers (Special) to iusefp.o(.text) for __I$use$fp
    dflti.o(.text) refers (Special) to iusefp.o(.text) for __I$use$fp
    dflti.o(.text) refers to depilogue.o(.text) for _double_epilogue
    dfixi.o(.text) refers (Special) to iusefp.o(.text) for __I$use$fp
    dfixi.o(.text) refers to llushr.o(.text) for __aeabi_llsr
    depilogue.o(.text) refers to depilogue.o(i.__ARM_clz) for __ARM_clz
    depilogue.o(.text) refers to llshl.o(.text) for __aeabi_llsl
    depilogue.o(.text) refers to llushr.o(.text) for __aeabi_llsr


==============================================================================

Removing Unused input sections from the image.

    Removing 2440lib.o(.text), (24 bytes).
    Removing 2440lib.o(.data), (4 bytes).
    Removing u2440mon.o(.data), (4 bytes).
    Removing u2440mon.o(.data), (4 bytes).
    Removing u2440mon.o(.data), (4 bytes).

5 unused section(s) (total 40 bytes) removed from the image.

==============================================================================

Adding Veneers to the image

    Adding AT veneer (8 bytes, Inline) for call to '__aeabi_memcpy' from nand.o(.text).
    Adding AT veneer (8 bytes, Inline) for call to '__aeabi_memclr4' from nand.o(.text).
    Adding AT veneer (8 bytes, Inline) for call to 'strlen' from nand.o(.text).
    Adding AT veneer (8 bytes, Inline) for call to '__aeabi_dadd' from 2440lib.o(.text).
    Adding AT veneer (8 bytes, Inline) for call to '__aeabi_ddiv' from 2440lib.o(.text).
    Adding AT veneer (8 bytes, Inline) for call to '__ARM_scalbn' from 2440lib.o(.text).
    Adding AT veneer (8 bytes, Inline) for call to '__aeabi_i2d' from 2440lib.o(.text).
    Adding AT veneer (8 bytes, Inline) for call to '__aeabi_d2iz' from 2440lib.o(.text).
    Adding AT veneer (12 bytes, Long) for call to '__aeabi_memclr' from nand.o(.text).

9 Veneer(s) (total 76 bytes) added to the image.

==============================================================================

Image Symbol Table

    Local Symbols

    Symbol Name                              Value     Ov Type        Size  Object(Section)

    RESET                                    0x00000000   Section      428  2440init.o(RESET)
    ../../microlib/fpadd.c                   0x00000000   Number         0  dadd.o ABSOLUTE
    ../../microlib/fpdiv.c                   0x00000000   Number         0  ddiv.o ABSOLUTE
    ../../microlib/fpepilogue.c              0x00000000   Number         0  depilogue.o ABSOLUTE
    ../../microlib/fpfix.c                   0x00000000   Number         0  dfixi.o ABSOLUTE
    ../../microlib/fpflt.c                   0x00000000   Number         0  dflti.o ABSOLUTE
    ../../microlib/fpscalb.c                 0x00000000   Number         0  dscalb.o ABSOLUTE
    ../../microlib/longlong.c                0x00000000   Number         0  llsshr.o ABSOLUTE
    ../../microlib/longlong.c                0x00000000   Number         0  llushr.o ABSOLUTE
    ../../microlib/longlong.c                0x00000000   Number         0  llshl.o ABSOLUTE
    ../../microlib/string/memcpy.c           0x00000000   Number         0  memcpyb.o ABSOLUTE
    ../../microlib/string/memcpy.c           0x00000000   Number         0  memcpya.o ABSOLUTE
    ../../microlib/string/memset.c           0x00000000   Number         0  memseta.o ABSOLUTE
    ../../microlib/string/strlen.c           0x00000000   Number         0  strlen.o ABSOLUTE
    ../../microlib/stubs.s                   0x00000000   Number         0  iusefp.o ABSOLUTE
    dc.s                                     0x00000000   Number         0  dc.o ABSOLUTE
    src\2440init.s                           0x00000000   Number         0  2440init.o ABSOLUTE
    src\2440lib.c                            0x00000000   Number         0  2440lib.o ABSOLUTE
    src\nand.c                               0x00000000   Number         0  nand.o ABSOLUTE
    src\nand_lowlevel.c                      0x00000000   Number         0  nand_lowlevel.o ABSOLUTE
    src\u2440mon.c                           0x00000000   Number         0  u2440mon.o ABSOLUTE
    CEntry                                   0x00000100   ARM Code       0  2440init.o(RESET)
    .text                                    0x000001ac   Section        0  2440lib.o(.text)
    .text                                    0x00000380   Section        0  nand.o(.text)
    .text                                    0x000004e0   Section        0  nand_lowlevel.o(.text)
    WaitNFBusy                               0x00000610   ARM Code      40  nand_lowlevel.o(.text)
    .text                                    0x00000640   Section        0  u2440mon.o(.text)
    .text                                    0x000006a4   Section        0  memcpya.o(.text)
    .text                                    0x000006d0   Section        0  memseta.o(.text)
    .text                                    0x00000704   Section        0  strlen.o(.text)
    .text                                    0x0000071c   Section        0  dadd.o(.text)
    .text                                    0x00000890   Section        0  ddiv.o(.text)
    .text                                    0x0000098c   Section        0  dscalb.o(.text)
    .text                                    0x000009c4   Section        0  dflti.o(.text)
    .text                                    0x000009f4   Section        0  dfixi.o(.text)
    .text                                    0x00000a40   Section        0  llshl.o(.text)
    .text                                    0x00000a62   Section        0  llushr.o(.text)
    .text                                    0x00000a86   Section        0  llsshr.o(.text)
    .text                                    0x00000ab0   Section        0  iusefp.o(.text)
    .text                                    0x00000ab0   Section        0  depilogue.o(.text)
    i.__ARM_clz                              0x00000b84   Section        0  depilogue.o(i.__ARM_clz)
    .constdata                               0x00000bb4   Section      130  nand.o(.constdata)
    .constdata                               0x00000c38   Section       65  u2440mon.o(.constdata)
    .data                                    0x30000000   Section        4  nand.o(.data)
    StartPage                                0x30000000   Data           4  nand.o(.data)
    .data                                    0x30000004   Section      568  nand_lowlevel.o(.data)
    .data                                    0x3000023c   Section        2  nand_lowlevel.o(.data)
    NandAddr                                 0x3000023c   Data           2  nand_lowlevel.o(.data)
    .data                                    0x30000240   Section        4  u2440mon.o(.data)

    Global Symbols

    Symbol Name                              Value     Ov Type        Size  Object(Section)

    BuildAttributes$$THM_ISAv1$ARM_ISAv4$S$PE$A:L22$X:L11$S22$IEEE1$IW$USESV6$~STKCKD$USESV7$~SHL$OSPACE$ROPI$EBA8$MICROLIB$REQ8$PRES8$EABIv2 0x00000000   Number         0  anon$$obj.o ABSOLUTE
    Image$$ER_ROM1$$RO$$Base                 0x00000000   Number         0  2440init.o(RESET)
    __ENTRY                                  0x00000000   ARM Code       0  2440init.o(RESET)
    Port_Init                                0x000001ac   ARM Code     160  2440lib.o(.text)
    Uart_Init                                0x0000024c   ARM Code     168  2440lib.o(.text)
    Uart_SendByte                            0x000002f4   ARM Code      56  2440lib.o(.text)
    Uart_SendString                          0x0000032c   ARM Code      40  2440lib.o(.text)
    call_linux                               0x00000380   ARM Code     112  nand.o(.text)
    LoadRun                                  0x000003f0   ARM Code     220  nand.o(.text)
    ReadPage                                 0x000004e0   ARM Code     144  nand_lowlevel.o(.text)
    CheckBadBlk                              0x00000570   ARM Code     124  nand_lowlevel.o(.text)
    InitNandFlash                            0x000005ec   ARM Code      36  nand_lowlevel.o(.text)
    Main                                     0x00000640   ARM Code      60  u2440mon.o(.text)
    Inline ARM to Thumb Veneer to __aeabi_memcpy 0x0000069c   ARM Code       8  memcpya.o(.text)
    __aeabi_memcpy                           0x000006a5   Thumb Code    36  memcpya.o(.text)
    __aeabi_memcpy4                          0x000006a5   Thumb Code     0  memcpya.o(.text)
    __aeabi_memcpy8                          0x000006a5   Thumb Code     0  memcpya.o(.text)
    Inline ARM to Thumb Veneer to __aeabi_memclr4 0x000006c8   ARM Code       8  memseta.o(.text)
    __aeabi_memset                           0x000006d1   Thumb Code    16  memseta.o(.text)
    __aeabi_memset4                          0x000006d1   Thumb Code     0  memseta.o(.text)
    __aeabi_memset8                          0x000006d1   Thumb Code     0  memseta.o(.text)
    __aeabi_memclr                           0x000006e1   Thumb Code     4  memseta.o(.text)
    __aeabi_memclr4                          0x000006e1   Thumb Code     0  memseta.o(.text)
    __aeabi_memclr8                          0x000006e1   Thumb Code     0  memseta.o(.text)
    _memset$wrapper                          0x000006e5   Thumb Code    24  memseta.o(.text)
    Inline ARM to Thumb Veneer to strlen     0x000006fc   ARM Code       8  strlen.o(.text)
    strlen                                   0x00000705   Thumb Code    16  strlen.o(.text)
    Inline ARM to Thumb Veneer to __aeabi_dadd 0x00000714   ARM Code       8  dadd.o(.text)
    __aeabi_dadd                             0x0000071d   Thumb Code   334  dadd.o(.text)
    __aeabi_dsub                             0x0000086b   Thumb Code    12  dadd.o(.text)
    __aeabi_drsub                            0x00000877   Thumb Code    12  dadd.o(.text)
    Inline ARM to Thumb Veneer to __aeabi_ddiv 0x00000888   ARM Code       8  ddiv.o(.text)
    __aeabi_ddiv                             0x00000891   Thumb Code   238  ddiv.o(.text)
    Inline ARM to Thumb Veneer to __ARM_scalbn 0x00000984   ARM Code       8  dscalb.o(.text)
    __ARM_scalbn                             0x0000098d   Thumb Code    46  dscalb.o(.text)
    scalbn                                   0x0000098d   Thumb Code     0  dscalb.o(.text)
    Inline ARM to Thumb Veneer to __aeabi_i2d 0x000009bc   ARM Code       8  dflti.o(.text)
    __aeabi_i2d                              0x000009c5   Thumb Code    36  dflti.o(.text)
    Inline ARM to Thumb Veneer to __aeabi_d2iz 0x000009ec   ARM Code       8  dfixi.o(.text)
    __aeabi_d2iz                             0x000009f5   Thumb Code    66  dfixi.o(.text)
    __aeabi_llsl                             0x00000a41   Thumb Code    34  llshl.o(.text)
    _ll_shift_l                              0x00000a41   Thumb Code     0  llshl.o(.text)
    __aeabi_llsr                             0x00000a63   Thumb Code    36  llushr.o(.text)
    _ll_ushift_r                             0x00000a63   Thumb Code     0  llushr.o(.text)
    __aeabi_lasr                             0x00000a87   Thumb Code    40  llsshr.o(.text)
    _ll_sshift_r                             0x00000a87   Thumb Code     0  llsshr.o(.text)
    __I$use$fp                               0x00000ab0   ARM Code       0  iusefp.o(.text)
    _double_round                            0x00000ab1   Thumb Code    28  depilogue.o(.text)
    _double_epilogue                         0x00000acd   Thumb Code   170  depilogue.o(.text)
    Long ARM to Thumb Veneer to __aeabi_memclr 0x00000b78   ARM Code      12  anon$$obj.o(Veneer$$Code)
    __ARM_clz                                0x00000b85   Thumb Code    46  depilogue.o(i.__ARM_clz)
    Image$$ER_ROM1$$RO$$Limit                0x00000c79   Number         0  u2440mon.o(.constdata)
    Image$$RW_RAM1$$RW$$Base                 0x30000000   Number         0  nand.o(.data)
    boot_params                              0x30000004   Data         568  nand_lowlevel.o(.data)
    PCLK                                     0x30000240   Data           4  u2440mon.o(.data)
    Image$$RW_RAM1$$RW$$Limit                0x30000244   Number         0  u2440mon.o(.data)
    Image$$RW_RAM1$$ZI$$Base                 0x30000244   Number         0  anon$$obj.o(linker$$defined$$symbols)
    Image$$RW_RAM1$$ZI$$Limit                0x30000244   Number         0  anon$$obj.o(linker$$defined$$symbols)



==============================================================================

Memory Map of the image

  Image Entry point : 0x00000000

  Load Region LR_ROM1 (Base: 0x00000000, Size: 0x00000ec0, Max: 0x00400000, ABSOLUTE)

    Execution Region ER_ROM1 (Base: 0x00000000, Size: 0x00000c7c, Max: 0x00400000, ABSOLUTE)

    Base Addr    Size         Type   Attr      Idx    E Section Name        Object

    0x00000000   0x000001ac   Code   RO            1  * RESET               2440init.o
    0x000001ac   0x000001d4   Code   RO            6    .text               2440lib.o
    0x00000380   0x00000160   Code   RO           59    .text               nand.o
    0x000004e0   0x00000160   Code   RO           85    .text               nand_lowlevel.o
    0x00000640   0x0000005c   Code   RO          104    .text               u2440mon.o
    0x0000069c   0x00000008   Ven    RO          134    .text               mc_t.l(memcpya.o)
    0x000006a4   0x00000024   Code   RO          134    .text               mc_t.l(memcpya.o)
    0x000006c8   0x00000008   Ven    RO          136    .text               mc_t.l(memseta.o)
    0x000006d0   0x0000002c   Code   RO          136    .text               mc_t.l(memseta.o)
    0x000006fc   0x00000008   Ven    RO          138    .text               mc_t.l(strlen.o)
    0x00000704   0x00000010   Code   RO          138    .text               mc_t.l(strlen.o)
    0x00000714   0x00000008   Ven    RO          142    .text               mf_t.l(dadd.o)
    0x0000071c   0x0000016c   Code   RO          142    .text               mf_t.l(dadd.o)
    0x00000888   0x00000008   Ven    RO          144    .text               mf_t.l(ddiv.o)
    0x00000890   0x000000f4   Code   RO          144    .text               mf_t.l(ddiv.o)
    0x00000984   0x00000008   Ven    RO          146    .text               mf_t.l(dscalb.o)
    0x0000098c   0x0000002e   Code   RO          146    .text               mf_t.l(dscalb.o)
    0x000009ba   0x00000002   PAD
    0x000009bc   0x00000008   Ven    RO          148    .text               mf_t.l(dflti.o)
    0x000009c4   0x00000028   Code   RO          148    .text               mf_t.l(dflti.o)
    0x000009ec   0x00000008   Ven    RO          150    .text               mf_t.l(dfixi.o)
    0x000009f4   0x0000004c   Code   RO          150    .text               mf_t.l(dfixi.o)
    0x00000a40   0x00000022   Code   RO          152    .text               mc_t.l(llshl.o)
    0x00000a62   0x00000024   Code   RO          154    .text               mc_t.l(llushr.o)
    0x00000a86   0x00000028   Code   RO          156    .text               mc_t.l(llsshr.o)
    0x00000aae   0x00000002   PAD
    0x00000ab0   0x00000000   Code   RO          158    .text               mc_t.l(iusefp.o)
    0x00000ab0   0x000000c6   Code   RO          159    .text               mf_t.l(depilogue.o)
    0x00000b76   0x00000002   PAD
    0x00000b78   0x0000000c   Ven    RO          173    Veneer$$Code        anon$$obj.o
    0x00000b84   0x0000002e   Code   RO          161    i.__ARM_clz         mf_t.l(depilogue.o)
    0x00000bb2   0x00000002   PAD
    0x00000bb4   0x00000082   Data   RO           60    .constdata          nand.o
    0x00000c36   0x00000002   PAD
    0x00000c38   0x00000041   Data   RO          105    .constdata          u2440mon.o


    Execution Region RW_RAM1 (Base: 0x30000000, Size: 0x00000244, Max: 0x04000000, ABSOLUTE)

    Base Addr    Size         Type   Attr      Idx    E Section Name        Object

    0x30000000   0x00000004   Data   RW           61    .data               nand.o
    0x30000004   0x00000238   Data   RW           86    .data               nand_lowlevel.o
    0x3000023c   0x00000002   Data   RW           87    .data               nand_lowlevel.o
    0x3000023e   0x00000002   PAD
    0x30000240   0x00000004   Data   RW          108    .data               u2440mon.o
    0x30000244   0x00000000   Zero   RW          164    linker$$defined$$symbols  anon$$obj.o


    Execution Region RW_IRAM1 (Base: 0x40000000, Size: 0x00000000, Max: 0x00001000, ABSOLUTE)

    **** No section assigned to this execution region ****


==============================================================================

Image component sizes


      Code (inc. data)   RO Data    RW Data    ZI Data      Debug   Object Name

       428        124          0          0          0        280   2440init.o
       468         44          0          0          0       3136   2440lib.o
       352         20        130          4          0       2317   nand.o
       352          8          0        570          0       3259   nand_lowlevel.o
        92         32         65          4          0        589   u2440mon.o

    ----------------------------------------------------------------------
      1704        232        200        580          0       9581   Object Totals
        12          4          0          0          0          0   (incl. Generated)
         0          0          5          2          0          0   (incl. Padding)

    ----------------------------------------------------------------------

      Code (inc. data)   RO Data    RW Data    ZI Data      Debug   Library Member Name

         0          0          0          0          0          0   iusefp.o
        34          0          0          0          0         72   llshl.o
        40          0          0          0          0         72   llsshr.o
        36          0          0          0          0         72   llushr.o
        44          0          0          0          0         60   memcpya.o
        52          0          0          0          0        112   memseta.o
        24          0          0          0          0         60   strlen.o
       372          6          0          0          0        156   dadd.o
       252          6          0          0          0        100   ddiv.o
       244          0          0          0          0        236   depilogue.o
        84         10          0          0          0         88   dfixi.o
        48          4          0          0          0         76   dflti.o
        54          0          0          0          0         80   dscalb.o

    ----------------------------------------------------------------------
      1292         26          0          0          0       1184   Library Totals
         8          0          0          0          0          0   (incl. Padding)

    ----------------------------------------------------------------------

      Code (inc. data)   RO Data    RW Data    ZI Data      Debug   Library Name

       230          0          0          0          0        448   mc_t.l
      1054         26          0          0          0        736   mf_t.l

    ----------------------------------------------------------------------
      1292         26          0          0          0       1184   Library Totals

    ----------------------------------------------------------------------

==============================================================================


      Code (inc. data)   RO Data    RW Data    ZI Data      Debug   

      2996        258        200        580          0      10073   Grand Totals
      2996        258        200        580          0      10073   ELF Image Totals
      2996        258        200        580          0          0   ROM Totals

==============================================================================

    Total RO  Size (Code + RO Data)                 3196 (   3.12kB)
    Total RW  Size (RW Data + ZI Data)               580 (   0.57kB)
    Total ROM Size (Code + RO Data + RW Data)       3776 (   3.69kB)

==============================================================================

