<html>
<body>
<pre>
<h1>µVision Build Log</h1>
<h2>Project:</h2>
E:\Github\bootloader\bootloader.uvproj
Project File Date:  05/16/2013

<h2>Output:</h2>
Rebuild target 'Target 1'
assembling 2440init.s...
src\2440init.s(203): warning: A1876W: Use of '|' as a synonym for the :OR: operator is deprecated.
src\2440init.s(226): warning: A1608W: MOV pc,<rn> instruction used, but BX <rn> is preferred
src\2440init.s(243): warning: A1608W: MOV pc,<rn> instruction used, but BX <rn> is preferred
compiling 2440lib.c...
compiling nand.c...
src\nand.c(75): warning:  #1267-D: Implicit physical register R1 should be defined as a variable
src\nand.c(78): warning:  #1267-D: Implicit physical register R3 should be defined as a variable
src\nand.c(91): warning:  #1267-D: Implicit physical register R0 should be defined as a variable
src\nand.c(99): warning:  #1267-D: Implicit physical register R12 should be defined as a variable
compiling nand_lowlevel.c...
compiling u2440mon.c...
linking...
bootloader.sct(8): warning: L6314W: No section matches pattern *(InRoot$$Sections).
Program Size: Code=1856 RO-data=132 RW-data=576 ZI-data=0  
FromELF: creating hex file...
User command #1: D:\Keil\ARM\BIN40\fromelf.exe --bin -o ./bootloader.bin ./bootloader.axf
"bootloader.axf" - 0 Error(s), 8 Warning(s).
Rebuild target 'Target 1'
assembling 2440init.s...
src\2440init.s(203): warning: A1876W: Use of '|' as a synonym for the :OR: operator is deprecated.
src\2440init.s(226): warning: A1608W: MOV pc,<rn> instruction used, but BX <rn> is preferred
src\2440init.s(243): warning: A1608W: MOV pc,<rn> instruction used, but BX <rn> is preferred
compiling 2440lib.c...
compiling nand.c...
src\nand.c(75): warning:  #1267-D: Implicit physical register R1 should be defined as a variable
src\nand.c(78): warning:  #1267-D: Implicit physical register R3 should be defined as a variable
src\nand.c(91): warning:  #1267-D: Implicit physical register R0 should be defined as a variable
src\nand.c(99): warning:  #1267-D: Implicit physical register R12 should be defined as a variable
compiling nand_lowlevel.c...
compiling u2440mon.c...
linking...
bootloader.sct(8): warning: L6314W: No section matches pattern *(InRoot$$Sections).
Program Size: Code=1856 RO-data=132 RW-data=576 ZI-data=0  
FromELF: creating hex file...
User command #1: D:\Keil\ARM\BIN40\fromelf.exe --bin -o ./bootloader.bin ./bootloader.axf
"bootloader.axf" - 0 Error(s), 8 Warning(s).
Rebuild target 'Target 1'
assembling 2440init.s...
src\2440init.s(203): warning: A1876W: Use of '|' as a synonym for the :OR: operator is deprecated.
src\2440init.s(226): warning: A1608W: MOV pc,<rn> instruction used, but BX <rn> is preferred
src\2440init.s(243): warning: A1608W: MOV pc,<rn> instruction used, but BX <rn> is preferred
compiling 2440lib.c...
compiling nand.c...
src\nand.c(75): warning:  #1267-D: Implicit physical register R1 should be defined as a variable
src\nand.c(78): warning:  #1267-D: Implicit physical register R3 should be defined as a variable
src\nand.c(91): warning:  #1267-D: Implicit physical register R0 should be defined as a variable
src\nand.c(99): warning:  #1267-D: Implicit physical register R12 should be defined as a variable
compiling nand_lowlevel.c...
compiling u2440mon.c...
linking...
bootloader.sct(8): warning: L6314W: No section matches pattern *(InRoot$$Sections).
Program Size: Code=1856 RO-data=132 RW-data=576 ZI-data=0  
FromELF: creating hex file...
User command #1: D:\Keil\ARM\BIN40\fromelf.exe --bin -o ./bootloader.bin ./bootloader.axf
"bootloader.axf" - 0 Error(s), 8 Warning(s).
Rebuild target 'Target 1'
assembling 2440init.s...
src\2440init.s(203): warning: A1876W: Use of '|' as a synonym for the :OR: operator is deprecated.
src\2440init.s(226): warning: A1608W: MOV pc,<rn> instruction used, but BX <rn> is preferred
src\2440init.s(243): warning: A1608W: MOV pc,<rn> instruction used, but BX <rn> is preferred
compiling 2440lib.c...
compiling nand.c...
src\nand.c(75): warning:  #1267-D: Implicit physical register R1 should be defined as a variable
src\nand.c(78): warning:  #1267-D: Implicit physical register R3 should be defined as a variable
src\nand.c(91): warning:  #1267-D: Implicit physical register R0 should be defined as a variable
src\nand.c(99): warning:  #1267-D: Implicit physical register R12 should be defined as a variable
compiling nand_lowlevel.c...
compiling u2440mon.c...
linking...
bootloader.sct(8): warning: L6314W: No section matches pattern *(InRoot$$Sections).
Program Size: Code=1856 RO-data=132 RW-data=576 ZI-data=0  
FromELF: creating hex file...
User command #1: D:\Keil\ARM\BIN40\fromelf.exe --bin -o ./bootloader.bin ./bootloader.axf
"bootloader.axf" - 0 Error(s), 8 Warning(s).
