<html>
<body>
<pre>
<h1>µVision Build Log</h1>
<h2>Project:</h2>
E:\Github\bootloader\bootloader.uvproj
Project File Date:  05/13/2013

<h2>Output:</h2>
Rebuild target 'Target 1'
assembling 2440init.s...
src\2440init.s(251): warning: A1876W: Use of '|' as a synonym for the :OR: operator is deprecated.
src\2440init.s(289): warning: A1608W: MOV pc,<rn> instruction used, but BX <rn> is preferred
compiling 2440lib.c...
src\2440lib.c(102): warning:  #177-D: variable "i" was declared but never referenced
compiling nand.c...
src\nand.c(79): warning:  #1267-D: Implicit physical register R1 should be defined as a variable
src\nand.c(82): warning:  #1267-D: Implicit physical register R3 should be defined as a variable
src\nand.c(98): warning:  #1267-D: Implicit physical register R0 should be defined as a variable
src\nand.c(120): warning:  #1267-D: Implicit physical register R12 should be defined as a variable
src\nand.c(219): warning:  #223-D: function "ReadPage" declared implicitly
compiling nand_lowlevel.c...
compiling u2440mon.c...
src\u2440mon.c(59): warning:  #223-D: function "InitNandFlash" declared implicitly
src\u2440mon.c(60): warning:  #223-D: function "LoadRun" declared implicitly
linking...
bootloader.sct(8): warning: L6314W: No section matches pattern *(InRoot$$Sections).
Program Size: Code=5120 RO-data=68 RW-data=588 ZI-data=0  
FromELF: creating hex file...
User command #1: E:\Keil\ARM\BIN40\fromelf.exe --bin -o ./bootloader.bin ./bootloader.axf
"bootloader.axf" - 0 Error(s), 11 Warning(s).
Rebuild target 'Target 1'
assembling 2440init.s...
src\2440init.s(255): warning: A1608W: MOV pc,<rn> instruction used, but BX <rn> is preferred
compiling 2440lib.c...
src\2440lib.c(102): warning:  #177-D: variable "i" was declared but never referenced
compiling nand.c...
src\nand.c(79): warning:  #1267-D: Implicit physical register R1 should be defined as a variable
src\nand.c(82): warning:  #1267-D: Implicit physical register R3 should be defined as a variable
src\nand.c(98): warning:  #1267-D: Implicit physical register R0 should be defined as a variable
src\nand.c(120): warning:  #1267-D: Implicit physical register R12 should be defined as a variable
src\nand.c(219): warning:  #223-D: function "ReadPage" declared implicitly
compiling nand_lowlevel.c...
compiling u2440mon.c...
src\u2440mon.c(59): warning:  #223-D: function "InitNandFlash" declared implicitly
src\u2440mon.c(60): warning:  #223-D: function "LoadRun" declared implicitly
linking...
bootloader.sct(8): warning: L6314W: No section matches pattern *(InRoot$$Sections).
Program Size: Code=4988 RO-data=68 RW-data=588 ZI-data=0  
FromELF: creating hex file...
User command #1: E:\Keil\ARM\BIN40\fromelf.exe --bin -o ./bootloader.bin ./bootloader.axf
"bootloader.axf" - 0 Error(s), 10 Warning(s).
Rebuild target 'Target 1'
assembling 2440init.s...
src\2440init.s(239): warning: A1608W: MOV pc,<rn> instruction used, but BX <rn> is preferred
compiling 2440lib.c...
src\2440lib.c(102): warning:  #177-D: variable "i" was declared but never referenced
compiling nand.c...
src\nand.c(79): warning:  #1267-D: Implicit physical register R1 should be defined as a variable
src\nand.c(82): warning:  #1267-D: Implicit physical register R3 should be defined as a variable
src\nand.c(98): warning:  #1267-D: Implicit physical register R0 should be defined as a variable
src\nand.c(120): warning:  #1267-D: Implicit physical register R12 should be defined as a variable
src\nand.c(219): warning:  #223-D: function "ReadPage" declared implicitly
compiling nand_lowlevel.c...
compiling u2440mon.c...
src\u2440mon.c(59): warning:  #223-D: function "InitNandFlash" declared implicitly
src\u2440mon.c(60): warning:  #223-D: function "LoadRun" declared implicitly
linking...
bootloader.sct(8): warning: L6314W: No section matches pattern *(InRoot$$Sections).
Program Size: Code=4988 RO-data=68 RW-data=588 ZI-data=0  
FromELF: creating hex file...
User command #1: E:\Keil\ARM\BIN40\fromelf.exe --bin -o ./bootloader.bin ./bootloader.axf
"bootloader.axf" - 0 Error(s), 10 Warning(s).
Rebuild target 'Target 1'
assembling 2440init.s...
src\2440init.s(239): warning: A1608W: MOV pc,<rn> instruction used, but BX <rn> is preferred
compiling 2440lib.c...
src\2440lib.c(102): warning:  #177-D: variable "i" was declared but never referenced
compiling nand.c...
src\nand.c(79): warning:  #1267-D: Implicit physical register R1 should be defined as a variable
src\nand.c(82): warning:  #1267-D: Implicit physical register R3 should be defined as a variable
src\nand.c(98): warning:  #1267-D: Implicit physical register R0 should be defined as a variable
src\nand.c(120): warning:  #1267-D: Implicit physical register R12 should be defined as a variable
src\nand.c(219): warning:  #223-D: function "ReadPage" declared implicitly
compiling nand_lowlevel.c...
compiling u2440mon.c...
src\u2440mon.c(59): warning:  #223-D: function "InitNandFlash" declared implicitly
src\u2440mon.c(60): warning:  #223-D: function "LoadRun" declared implicitly
linking...
bootloader.sct(8): warning: L6314W: No section matches pattern *(InRoot$$Sections).
Program Size: Code=4988 RO-data=68 RW-data=588 ZI-data=0  
FromELF: creating hex file...
User command #1: E:\Keil\ARM\BIN40\fromelf.exe --bin -o ./bootloader.bin ./bootloader.axf
"bootloader.axf" - 0 Error(s), 10 Warning(s).
Rebuild target 'Target 1'
assembling 2440init.s...
src\2440init.s(239): warning: A1608W: MOV pc,<rn> instruction used, but BX <rn> is preferred
compiling 2440lib.c...
src\2440lib.c(102): warning:  #177-D: variable "i" was declared but never referenced
compiling nand.c...
src\nand.c(79): warning:  #1267-D: Implicit physical register R1 should be defined as a variable
src\nand.c(82): warning:  #1267-D: Implicit physical register R3 should be defined as a variable
src\nand.c(98): warning:  #1267-D: Implicit physical register R0 should be defined as a variable
src\nand.c(120): warning:  #1267-D: Implicit physical register R12 should be defined as a variable
src\nand.c(219): warning:  #223-D: function "ReadPage" declared implicitly
compiling nand_lowlevel.c...
compiling u2440mon.c...
src\u2440mon.c(59): warning:  #223-D: function "InitNandFlash" declared implicitly
src\u2440mon.c(60): warning:  #223-D: function "LoadRun" declared implicitly
linking...
bootloader.sct(8): warning: L6314W: No section matches pattern *(InRoot$$Sections).
Program Size: Code=4964 RO-data=68 RW-data=588 ZI-data=0  
FromELF: creating hex file...
User command #1: E:\Keil\ARM\BIN40\fromelf.exe --bin -o ./bootloader.bin ./bootloader.axf
"bootloader.axf" - 0 Error(s), 10 Warning(s).
Rebuild target 'Target 1'
assembling 2440init.s...
src\2440init.s(239): warning: A1608W: MOV pc,<rn> instruction used, but BX <rn> is preferred
compiling 2440lib.c...
src\2440lib.c(102): warning:  #177-D: variable "i" was declared but never referenced
compiling nand.c...
src\nand.c(79): warning:  #1267-D: Implicit physical register R1 should be defined as a variable
src\nand.c(82): warning:  #1267-D: Implicit physical register R3 should be defined as a variable
src\nand.c(98): warning:  #1267-D: Implicit physical register R0 should be defined as a variable
src\nand.c(120): warning:  #1267-D: Implicit physical register R12 should be defined as a variable
src\nand.c(219): warning:  #223-D: function "ReadPage" declared implicitly
compiling nand_lowlevel.c...
compiling u2440mon.c...
src\u2440mon.c(59): warning:  #223-D: function "InitNandFlash" declared implicitly
src\u2440mon.c(60): warning:  #223-D: function "LoadRun" declared implicitly
linking...
bootloader.sct(8): warning: L6314W: No section matches pattern *(InRoot$$Sections).
Program Size: Code=4992 RO-data=68 RW-data=588 ZI-data=0  
FromELF: creating hex file...
User command #1: E:\Keil\ARM\BIN40\fromelf.exe --bin -o ./bootloader.bin ./bootloader.axf
"bootloader.axf" - 0 Error(s), 10 Warning(s).
Rebuild target 'Target 1'
assembling 2440init.s...
src\2440init.s(239): warning: A1608W: MOV pc,<rn> instruction used, but BX <rn> is preferred
compiling 2440lib.c...
src\2440lib.c(102): warning:  #177-D: variable "i" was declared but never referenced
compiling nand.c...
src\nand.c(79): warning:  #1267-D: Implicit physical register R1 should be defined as a variable
src\nand.c(82): warning:  #1267-D: Implicit physical register R3 should be defined as a variable
src\nand.c(98): warning:  #1267-D: Implicit physical register R0 should be defined as a variable
src\nand.c(120): warning:  #1267-D: Implicit physical register R12 should be defined as a variable
src\nand.c(219): warning:  #223-D: function "ReadPage" declared implicitly
compiling nand_lowlevel.c...
compiling u2440mon.c...
src\u2440mon.c(59): warning:  #223-D: function "InitNandFlash" declared implicitly
src\u2440mon.c(60): warning:  #223-D: function "LoadRun" declared implicitly
linking...
bootloader.sct(8): warning: L6314W: No section matches pattern *(InRoot$$Sections).
Program Size: Code=4984 RO-data=68 RW-data=588 ZI-data=0  
FromELF: creating hex file...
User command #1: E:\Keil\ARM\BIN40\fromelf.exe --bin -o ./bootloader.bin ./bootloader.axf
"bootloader.axf" - 0 Error(s), 10 Warning(s).
Rebuild target 'Target 1'
assembling 2440init.s...
src\2440init.s(239): warning: A1608W: MOV pc,<rn> instruction used, but BX <rn> is preferred
compiling 2440lib.c...
src\2440lib.c(102): warning:  #177-D: variable "i" was declared but never referenced
compiling nand.c...
src\nand.c(79): warning:  #1267-D: Implicit physical register R1 should be defined as a variable
src\nand.c(82): warning:  #1267-D: Implicit physical register R3 should be defined as a variable
src\nand.c(98): warning:  #1267-D: Implicit physical register R0 should be defined as a variable
src\nand.c(120): warning:  #1267-D: Implicit physical register R12 should be defined as a variable
src\nand.c(219): warning:  #223-D: function "ReadPage" declared implicitly
compiling nand_lowlevel.c...
compiling u2440mon.c...
src\u2440mon.c(59): warning:  #223-D: function "InitNandFlash" declared implicitly
src\u2440mon.c(60): warning:  #223-D: function "LoadRun" declared implicitly
linking...
bootloader.sct(8): warning: L6314W: No section matches pattern *(InRoot$$Sections).
Program Size: Code=4972 RO-data=68 RW-data=588 ZI-data=0  
FromELF: creating hex file...
User command #1: E:\Keil\ARM\BIN40\fromelf.exe --bin -o ./bootloader.bin ./bootloader.axf
"bootloader.axf" - 0 Error(s), 10 Warning(s).
Rebuild target 'Target 1'
assembling 2440init.s...
src\2440init.s(239): warning: A1608W: MOV pc,<rn> instruction used, but BX <rn> is preferred
compiling 2440lib.c...
src\2440lib.c(102): warning:  #177-D: variable "i" was declared but never referenced
compiling nand.c...
src\nand.c(79): warning:  #1267-D: Implicit physical register R1 should be defined as a variable
src\nand.c(82): warning:  #1267-D: Implicit physical register R3 should be defined as a variable
src\nand.c(98): warning:  #1267-D: Implicit physical register R0 should be defined as a variable
src\nand.c(120): warning:  #1267-D: Implicit physical register R12 should be defined as a variable
src\nand.c(219): warning:  #223-D: function "ReadPage" declared implicitly
compiling nand_lowlevel.c...
compiling u2440mon.c...
src\u2440mon.c(59): warning:  #223-D: function "InitNandFlash" declared implicitly
src\u2440mon.c(60): warning:  #223-D: function "LoadRun" declared implicitly
linking...
bootloader.sct(8): warning: L6314W: No section matches pattern *(InRoot$$Sections).
Program Size: Code=4952 RO-data=68 RW-data=588 ZI-data=0  
FromELF: creating hex file...
User command #1: E:\Keil\ARM\BIN40\fromelf.exe --bin -o ./bootloader.bin ./bootloader.axf
"bootloader.axf" - 0 Error(s), 10 Warning(s).
Rebuild target 'Target 1'
assembling 2440init.s...
src\2440init.s(239): warning: A1608W: MOV pc,<rn> instruction used, but BX <rn> is preferred
compiling 2440lib.c...
src\2440lib.c(102): warning:  #177-D: variable "i" was declared but never referenced
compiling nand.c...
src\nand.c(79): warning:  #1267-D: Implicit physical register R1 should be defined as a variable
src\nand.c(82): warning:  #1267-D: Implicit physical register R3 should be defined as a variable
src\nand.c(98): warning:  #1267-D: Implicit physical register R0 should be defined as a variable
src\nand.c(120): warning:  #1267-D: Implicit physical register R12 should be defined as a variable
src\nand.c(219): warning:  #223-D: function "ReadPage" declared implicitly
compiling nand_lowlevel.c...
compiling u2440mon.c...
src\u2440mon.c(60): warning:  #223-D: function "LoadRun" declared implicitly
linking...
bootloader.sct(8): warning: L6314W: No section matches pattern *(InRoot$$Sections).
Program Size: Code=4980 RO-data=68 RW-data=588 ZI-data=0  
FromELF: creating hex file...
User command #1: E:\Keil\ARM\BIN40\fromelf.exe --bin -o ./bootloader.bin ./bootloader.axf
"bootloader.axf" - 0 Error(s), 9 Warning(s).
Rebuild target 'Target 1'
assembling 2440init.s...
src\2440init.s(239): warning: A1608W: MOV pc,<rn> instruction used, but BX <rn> is preferred
compiling 2440lib.c...
src\2440lib.c(102): warning:  #177-D: variable "i" was declared but never referenced
compiling nand.c...
src\nand.c(79): warning:  #1267-D: Implicit physical register R1 should be defined as a variable
src\nand.c(82): warning:  #1267-D: Implicit physical register R3 should be defined as a variable
src\nand.c(98): warning:  #1267-D: Implicit physical register R0 should be defined as a variable
src\nand.c(120): warning:  #1267-D: Implicit physical register R12 should be defined as a variable
src\nand.c(219): warning:  #223-D: function "ReadPage" declared implicitly
compiling nand_lowlevel.c...
compiling u2440mon.c...
src\u2440mon.c(59): warning:  #223-D: function "InitNandFlash" declared implicitly
linking...
bootloader.sct(8): warning: L6314W: No section matches pattern *(InRoot$$Sections).
Program Size: Code=2556 RO-data=68 RW-data=16 ZI-data=0  
FromELF: creating hex file...
User command #1: E:\Keil\ARM\BIN40\fromelf.exe --bin -o ./bootloader.bin ./bootloader.axf
"bootloader.axf" - 0 Error(s), 9 Warning(s).
Rebuild target 'Target 1'
assembling 2440init.s...
src\2440init.s(239): warning: A1608W: MOV pc,<rn> instruction used, but BX <rn> is preferred
compiling 2440lib.c...
src\2440lib.c(102): warning:  #177-D: variable "i" was declared but never referenced
compiling nand.c...
src\nand.c(86): warning:  #1267-D: Implicit physical register R1 should be defined as a variable
src\nand.c(89): warning:  #1267-D: Implicit physical register R3 should be defined as a variable
src\nand.c(103): warning:  #1267-D: Implicit physical register R0 should be defined as a variable
src\nand.c(114): warning:  #1267-D: Implicit physical register R12 should be defined as a variable
src\nand.c(213): warning:  #223-D: function "ReadPage" declared implicitly
compiling nand_lowlevel.c...
compiling u2440mon.c...
src\u2440mon.c(59): warning:  #223-D: function "InitNandFlash" declared implicitly
src\u2440mon.c(60): warning:  #223-D: function "LoadRun" declared implicitly
linking...
bootloader.sct(8): warning: L6314W: No section matches pattern *(InRoot$$Sections).
Program Size: Code=4968 RO-data=68 RW-data=588 ZI-data=0  
FromELF: creating hex file...
User command #1: E:\Keil\ARM\BIN40\fromelf.exe --bin -o ./bootloader.bin ./bootloader.axf
"bootloader.axf" - 0 Error(s), 10 Warning(s).
Rebuild target 'Target 1'
assembling 2440init.s...
src\2440init.s(239): warning: A1608W: MOV pc,<rn> instruction used, but BX <rn> is preferred
compiling 2440lib.c...
src\2440lib.c(102): warning:  #177-D: variable "i" was declared but never referenced
compiling nand.c...
src\nand.c(86): warning:  #1267-D: Implicit physical register R1 should be defined as a variable
src\nand.c(89): warning:  #1267-D: Implicit physical register R3 should be defined as a variable
src\nand.c(103): warning:  #1267-D: Implicit physical register R0 should be defined as a variable
src\nand.c(114): warning:  #1267-D: Implicit physical register R12 should be defined as a variable
src\nand.c(150): warning:  #177-D: variable "initrd" was declared but never referenced
src\nand.c(151): warning:  #177-D: variable "tty_sel" was declared but never referenced
src\nand.c(152): warning:  #550-D: variable "devfs_sel" was set but never used
src\nand.c(153): warning:  #550-D: variable "display_sel" was set but never used
src\nand.c(205): warning:  #223-D: function "ReadPage" declared implicitly
compiling nand_lowlevel.c...
compiling u2440mon.c...
src\u2440mon.c(59): warning:  #223-D: function "InitNandFlash" declared implicitly
src\u2440mon.c(60): warning:  #223-D: function "LoadRun" declared implicitly
linking...
bootloader.sct(8): warning: L6314W: No section matches pattern *(InRoot$$Sections).
Program Size: Code=3456 RO-data=200 RW-data=588 ZI-data=0  
FromELF: creating hex file...
User command #1: E:\Keil\ARM\BIN40\fromelf.exe --bin -o ./bootloader.bin ./bootloader.axf
"bootloader.axf" - 0 Error(s), 14 Warning(s).
Rebuild target 'Target 1'
assembling 2440init.s...
src\2440init.s(239): warning: A1608W: MOV pc,<rn> instruction used, but BX <rn> is preferred
compiling 2440lib.c...
src\2440lib.c(102): warning:  #177-D: variable "i" was declared but never referenced
compiling nand.c...
src\nand.c(86): warning:  #1267-D: Implicit physical register R1 should be defined as a variable
src\nand.c(89): warning:  #1267-D: Implicit physical register R3 should be defined as a variable
src\nand.c(103): warning:  #1267-D: Implicit physical register R0 should be defined as a variable
src\nand.c(114): warning:  #1267-D: Implicit physical register R12 should be defined as a variable
src\nand.c(187): warning:  #223-D: function "ReadPage" declared implicitly
compiling nand_lowlevel.c...
compiling u2440mon.c...
src\u2440mon.c(59): warning:  #223-D: function "InitNandFlash" declared implicitly
src\u2440mon.c(60): warning:  #223-D: function "LoadRun" declared implicitly
linking...
bootloader.sct(8): warning: L6314W: No section matches pattern *(InRoot$$Sections).
Program Size: Code=3456 RO-data=200 RW-data=588 ZI-data=0  
FromELF: creating hex file...
User command #1: E:\Keil\ARM\BIN40\fromelf.exe --bin -o ./bootloader.bin ./bootloader.axf
"bootloader.axf" - 0 Error(s), 10 Warning(s).
Rebuild target 'Target 1'
assembling 2440init.s...
src\2440init.s(239): warning: A1608W: MOV pc,<rn> instruction used, but BX <rn> is preferred
compiling 2440lib.c...
src\2440lib.c(102): warning:  #177-D: variable "i" was declared but never referenced
compiling nand.c...
src\nand.c(86): warning:  #1267-D: Implicit physical register R1 should be defined as a variable
src\nand.c(89): warning:  #1267-D: Implicit physical register R3 should be defined as a variable
src\nand.c(103): warning:  #1267-D: Implicit physical register R0 should be defined as a variable
src\nand.c(114): warning:  #1267-D: Implicit physical register R12 should be defined as a variable
src\nand.c(146): error:  #268: declaration may not appear after executable statement in block
src\nand.c(172): warning:  #223-D: function "ReadPage" declared implicitly
compiling nand_lowlevel.c...
compiling u2440mon.c...
src\u2440mon.c(59): warning:  #223-D: function "InitNandFlash" declared implicitly
src\u2440mon.c(60): warning:  #223-D: function "LoadRun" declared implicitly
Target not created
Rebuild target 'Target 1'
assembling 2440init.s...
src\2440init.s(239): warning: A1608W: MOV pc,<rn> instruction used, but BX <rn> is preferred
compiling 2440lib.c...
src\2440lib.c(102): warning:  #177-D: variable "i" was declared but never referenced
compiling nand.c...
src\nand.c(86): warning:  #1267-D: Implicit physical register R1 should be defined as a variable
src\nand.c(89): warning:  #1267-D: Implicit physical register R3 should be defined as a variable
src\nand.c(103): warning:  #1267-D: Implicit physical register R0 should be defined as a variable
src\nand.c(114): warning:  #1267-D: Implicit physical register R12 should be defined as a variable
src\nand.c(171): warning:  #223-D: function "ReadPage" declared implicitly
compiling nand_lowlevel.c...
compiling u2440mon.c...
src\u2440mon.c(59): warning:  #223-D: function "InitNandFlash" declared implicitly
src\u2440mon.c(60): warning:  #223-D: function "LoadRun" declared implicitly
linking...
bootloader.sct(8): warning: L6314W: No section matches pattern *(InRoot$$Sections).
Program Size: Code=3460 RO-data=200 RW-data=588 ZI-data=0  
FromELF: creating hex file...
User command #1: E:\Keil\ARM\BIN40\fromelf.exe --bin -o ./bootloader.bin ./bootloader.axf
"bootloader.axf" - 0 Error(s), 10 Warning(s).
Rebuild target 'Target 1'
assembling 2440init.s...
src\2440init.s(239): warning: A1608W: MOV pc,<rn> instruction used, but BX <rn> is preferred
compiling 2440lib.c...
src\2440lib.c(102): warning:  #177-D: variable "i" was declared but never referenced
compiling nand.c...
src\nand.c(86): warning:  #1267-D: Implicit physical register R1 should be defined as a variable
src\nand.c(89): warning:  #1267-D: Implicit physical register R3 should be defined as a variable
src\nand.c(103): warning:  #1267-D: Implicit physical register R0 should be defined as a variable
src\nand.c(114): warning:  #1267-D: Implicit physical register R12 should be defined as a variable
src\nand.c(171): warning:  #223-D: function "ReadPage" declared implicitly
compiling nand_lowlevel.c...
compiling u2440mon.c...
src\u2440mon.c(59): warning:  #223-D: function "InitNandFlash" declared implicitly
src\u2440mon.c(60): warning:  #223-D: function "LoadRun" declared implicitly
linking...
bootloader.sct(8): warning: L6314W: No section matches pattern *(InRoot$$Sections).
Program Size: Code=3460 RO-data=200 RW-data=588 ZI-data=0  
FromELF: creating hex file...
User command #1: E:\Keil\ARM\BIN40\fromelf.exe --bin -o ./bootloader.bin ./bootloader.axf
"bootloader.axf" - 0 Error(s), 10 Warning(s).
Rebuild target 'Target 1'
assembling 2440init.s...
src\2440init.s(239): warning: A1608W: MOV pc,<rn> instruction used, but BX <rn> is preferred
compiling 2440lib.c...
src\2440lib.c(102): warning:  #177-D: variable "i" was declared but never referenced
compiling nand.c...
src\nand.c(86): warning:  #1267-D: Implicit physical register R1 should be defined as a variable
src\nand.c(89): warning:  #1267-D: Implicit physical register R3 should be defined as a variable
src\nand.c(103): warning:  #1267-D: Implicit physical register R0 should be defined as a variable
src\nand.c(114): warning:  #1267-D: Implicit physical register R12 should be defined as a variable
src\nand.c(170): warning:  #223-D: function "ReadPage" declared implicitly
src\nand.c(143): warning: C3017W: parameters may be used before being set
compiling nand_lowlevel.c...
compiling u2440mon.c...
src\u2440mon.c(59): warning:  #223-D: function "InitNandFlash" declared implicitly
src\u2440mon.c(60): warning:  #223-D: function "LoadRun" declared implicitly
linking...
bootloader.sct(8): warning: L6314W: No section matches pattern *(InRoot$$Sections).
Program Size: Code=3356 RO-data=200 RW-data=588 ZI-data=0  
FromELF: creating hex file...
User command #1: E:\Keil\ARM\BIN40\fromelf.exe --bin -o ./bootloader.bin ./bootloader.axf
"bootloader.axf" - 0 Error(s), 11 Warning(s).
Rebuild target 'Target 1'
assembling 2440init.s...
src\2440init.s(239): warning: A1608W: MOV pc,<rn> instruction used, but BX <rn> is preferred
compiling 2440lib.c...
src\2440lib.c(102): warning:  #177-D: variable "i" was declared but never referenced
compiling nand.c...
src\nand.c(86): warning:  #1267-D: Implicit physical register R1 should be defined as a variable
src\nand.c(89): warning:  #1267-D: Implicit physical register R3 should be defined as a variable
src\nand.c(103): warning:  #1267-D: Implicit physical register R0 should be defined as a variable
src\nand.c(114): warning:  #1267-D: Implicit physical register R12 should be defined as a variable
src\nand.c(170): warning:  #223-D: function "ReadPage" declared implicitly
src\nand.c(143): warning: C3017W: parameters may be used before being set
compiling nand_lowlevel.c...
compiling u2440mon.c...
src\u2440mon.c(59): warning:  #223-D: function "InitNandFlash" declared implicitly
src\u2440mon.c(60): warning:  #223-D: function "LoadRun" declared implicitly
linking...
bootloader.sct(8): warning: L6314W: No section matches pattern *(InRoot$$Sections).
Program Size: Code=3356 RO-data=200 RW-data=588 ZI-data=0  
FromELF: creating hex file...
User command #1: E:\Keil\ARM\BIN40\fromelf.exe --bin -o ./bootloader.bin ./bootloader.axf
"bootloader.axf" - 0 Error(s), 11 Warning(s).
Rebuild target 'Target 1'
assembling 2440init.s...
src\2440init.s(239): warning: A1608W: MOV pc,<rn> instruction used, but BX <rn> is preferred
compiling 2440lib.c...
src\2440lib.c(102): warning:  #177-D: variable "i" was declared but never referenced
compiling nand.c...
src\nand.c(86): warning:  #1267-D: Implicit physical register R1 should be defined as a variable
src\nand.c(89): warning:  #1267-D: Implicit physical register R3 should be defined as a variable
src\nand.c(103): warning:  #1267-D: Implicit physical register R0 should be defined as a variable
src\nand.c(114): warning:  #1267-D: Implicit physical register R12 should be defined as a variable
src\nand.c(170): warning:  #223-D: function "ReadPage" declared implicitly
src\nand.c(143): warning: C3017W: parameters may be used before being set
compiling nand_lowlevel.c...
compiling u2440mon.c...
src\u2440mon.c(59): warning:  #223-D: function "InitNandFlash" declared implicitly
src\u2440mon.c(60): warning:  #223-D: function "LoadRun" declared implicitly
linking...
bootloader.sct(8): warning: L6314W: No section matches pattern *(InRoot$$Sections).
Program Size: Code=3356 RO-data=200 RW-data=588 ZI-data=0  
FromELF: creating hex file...
User command #1: E:\Keil\ARM\BIN40\fromelf.exe --bin -o ./bootloader.bin ./bootloader.axf
"bootloader.axf" - 0 Error(s), 11 Warning(s).
Rebuild target 'Target 1'
assembling 2440init.s...
src\2440init.s(239): warning: A1608W: MOV pc,<rn> instruction used, but BX <rn> is preferred
compiling 2440lib.c...
src\2440lib.c(102): warning:  #177-D: variable "i" was declared but never referenced
compiling nand.c...
src\nand.c(86): warning:  #1267-D: Implicit physical register R1 should be defined as a variable
src\nand.c(89): warning:  #1267-D: Implicit physical register R3 should be defined as a variable
src\nand.c(103): warning:  #1267-D: Implicit physical register R0 should be defined as a variable
src\nand.c(114): warning:  #1267-D: Implicit physical register R12 should be defined as a variable
src\nand.c(170): warning:  #223-D: function "ReadPage" declared implicitly
src\nand.c(143): warning: C3017W: parameters may be used before being set
compiling nand_lowlevel.c...
compiling u2440mon.c...
src\u2440mon.c(59): warning:  #223-D: function "InitNandFlash" declared implicitly
src\u2440mon.c(60): warning:  #223-D: function "LoadRun" declared implicitly
linking...
bootloader.sct(8): warning: L6314W: No section matches pattern *(InRoot$$Sections).
Program Size: Code=3356 RO-data=200 RW-data=588 ZI-data=0  
FromELF: creating hex file...
User command #1: E:\Keil\ARM\BIN40\fromelf.exe --bin -o ./bootloader.bin ./bootloader.axf
"bootloader.axf" - 0 Error(s), 11 Warning(s).
Rebuild target 'Target 1'
assembling 2440init.s...
src\2440init.s(239): warning: A1608W: MOV pc,<rn> instruction used, but BX <rn> is preferred
compiling 2440lib.c...
src\2440lib.c(102): warning:  #177-D: variable "i" was declared but never referenced
compiling nand.c...
src\nand.c(86): warning:  #1267-D: Implicit physical register R1 should be defined as a variable
src\nand.c(89): warning:  #1267-D: Implicit physical register R3 should be defined as a variable
src\nand.c(103): warning:  #1267-D: Implicit physical register R0 should be defined as a variable
src\nand.c(114): warning:  #1267-D: Implicit physical register R12 should be defined as a variable
src\nand.c(170): warning:  #223-D: function "ReadPage" declared implicitly
src\nand.c(143): warning: C3017W: parameters may be used before being set
compiling nand_lowlevel.c...
compiling u2440mon.c...
src\u2440mon.c(59): warning:  #223-D: function "InitNandFlash" declared implicitly
src\u2440mon.c(60): warning:  #223-D: function "LoadRun" declared implicitly
linking...
bootloader.sct(8): warning: L6314W: No section matches pattern *(InRoot$$Sections).
Program Size: Code=3356 RO-data=200 RW-data=588 ZI-data=0  
FromELF: creating hex file...
User command #1: E:\Keil\ARM\BIN40\fromelf.exe --bin -o ./bootloader.bin ./bootloader.axf
"bootloader.axf" - 0 Error(s), 11 Warning(s).
Rebuild target 'Target 1'
assembling 2440init.s...
src\2440init.s(239): warning: A1608W: MOV pc,<rn> instruction used, but BX <rn> is preferred
compiling 2440lib.c...
src\2440lib.c(102): warning:  #177-D: variable "i" was declared but never referenced
compiling nand.c...
src\nand.c(86): warning:  #1267-D: Implicit physical register R1 should be defined as a variable
src\nand.c(89): warning:  #1267-D: Implicit physical register R3 should be defined as a variable
src\nand.c(103): warning:  #1267-D: Implicit physical register R0 should be defined as a variable
src\nand.c(114): warning:  #1267-D: Implicit physical register R12 should be defined as a variable
src\nand.c(170): warning:  #223-D: function "ReadPage" declared implicitly
src\nand.c(143): warning: C3017W: parameters may be used before being set
compiling nand_lowlevel.c...
compiling u2440mon.c...
src\u2440mon.c(59): warning:  #223-D: function "InitNandFlash" declared implicitly
src\u2440mon.c(60): warning:  #223-D: function "LoadRun" declared implicitly
linking...
bootloader.sct(8): warning: L6314W: No section matches pattern *(InRoot$$Sections).
Program Size: Code=3356 RO-data=200 RW-data=588 ZI-data=0  
FromELF: creating hex file...
User command #1: E:\Keil\ARM\BIN40\fromelf.exe --bin -o ./bootloader.bin ./bootloader.axf
"bootloader.axf" - 0 Error(s), 11 Warning(s).
Rebuild target 'Target 1'
assembling 2440init.s...
src\2440init.s(239): warning: A1608W: MOV pc,<rn> instruction used, but BX <rn> is preferred
compiling 2440lib.c...
src\2440lib.c(102): warning:  #177-D: variable "i" was declared but never referenced
compiling nand.c...
src\nand.c(86): warning:  #1267-D: Implicit physical register R1 should be defined as a variable
src\nand.c(89): warning:  #1267-D: Implicit physical register R3 should be defined as a variable
src\nand.c(103): warning:  #1267-D: Implicit physical register R0 should be defined as a variable
src\nand.c(114): warning:  #1267-D: Implicit physical register R12 should be defined as a variable
src\nand.c(170): warning:  #223-D: function "ReadPage" declared implicitly
src\nand.c(143): warning: C3017W: parameters may be used before being set
compiling nand_lowlevel.c...
compiling u2440mon.c...
src\u2440mon.c(59): warning:  #223-D: function "InitNandFlash" declared implicitly
src\u2440mon.c(60): warning:  #223-D: function "LoadRun" declared implicitly
linking...
bootloader.sct(8): warning: L6314W: No section matches pattern *(InRoot$$Sections).
Program Size: Code=3356 RO-data=200 RW-data=588 ZI-data=0  
FromELF: creating hex file...
User command #1: E:\Keil\ARM\BIN40\fromelf.exe --bin -o ./bootloader.bin ./bootloader.axf
"bootloader.axf" - 0 Error(s), 11 Warning(s).
Rebuild target 'Target 1'
assembling 2440init.s...
src\2440init.s(239): warning: A1608W: MOV pc,<rn> instruction used, but BX <rn> is preferred
compiling 2440lib.c...
src\2440lib.c(102): warning:  #177-D: variable "i" was declared but never referenced
compiling nand.c...
src\nand.c(86): warning:  #1267-D: Implicit physical register R1 should be defined as a variable
src\nand.c(89): warning:  #1267-D: Implicit physical register R3 should be defined as a variable
src\nand.c(103): warning:  #1267-D: Implicit physical register R0 should be defined as a variable
src\nand.c(114): warning:  #1267-D: Implicit physical register R12 should be defined as a variable
src\nand.c(170): warning:  #223-D: function "ReadPage" declared implicitly
src\nand.c(143): warning: C3017W: parameters may be used before being set
compiling nand_lowlevel.c...
compiling u2440mon.c...
src\u2440mon.c(59): warning:  #223-D: function "InitNandFlash" declared implicitly
src\u2440mon.c(60): warning:  #223-D: function "LoadRun" declared implicitly
linking...
bootloader.sct(8): warning: L6314W: No section matches pattern *(InRoot$$Sections).
Program Size: Code=3352 RO-data=200 RW-data=584 ZI-data=0  
FromELF: creating hex file...
User command #1: E:\Keil\ARM\BIN40\fromelf.exe --bin -o ./bootloader.bin ./bootloader.axf
"bootloader.axf" - 0 Error(s), 11 Warning(s).
Rebuild target 'Target 1'
assembling 2440init.s...
src\2440init.s(223): warning: A1608W: MOV pc,<rn> instruction used, but BX <rn> is preferred
compiling 2440lib.c...
src\2440lib.c(102): warning:  #177-D: variable "i" was declared but never referenced
compiling nand.c...
src\nand.c(86): warning:  #1267-D: Implicit physical register R1 should be defined as a variable
src\nand.c(89): warning:  #1267-D: Implicit physical register R3 should be defined as a variable
src\nand.c(103): warning:  #1267-D: Implicit physical register R0 should be defined as a variable
src\nand.c(114): warning:  #1267-D: Implicit physical register R12 should be defined as a variable
src\nand.c(170): warning:  #223-D: function "ReadPage" declared implicitly
src\nand.c(143): warning: C3017W: parameters may be used before being set
compiling nand_lowlevel.c...
compiling u2440mon.c...
src\u2440mon.c(59): warning:  #223-D: function "InitNandFlash" declared implicitly
src\u2440mon.c(60): warning:  #223-D: function "LoadRun" declared implicitly
linking...
bootloader.sct(8): warning: L6314W: No section matches pattern *(InRoot$$Sections).
Program Size: Code=3352 RO-data=200 RW-data=584 ZI-data=0  
FromELF: creating hex file...
User command #1: E:\Keil\ARM\BIN40\fromelf.exe --bin -o ./bootloader.bin ./bootloader.axf
"bootloader.axf" - 0 Error(s), 11 Warning(s).
Rebuild target 'Target 1'
assembling 2440init.s...
src\2440init.s(223): warning: A1608W: MOV pc,<rn> instruction used, but BX <rn> is preferred
compiling 2440lib.c...
src\2440lib.c(102): warning:  #177-D: variable "i" was declared but never referenced
compiling nand.c...
src\nand.c(86): warning:  #1267-D: Implicit physical register R1 should be defined as a variable
src\nand.c(89): warning:  #1267-D: Implicit physical register R3 should be defined as a variable
src\nand.c(103): warning:  #1267-D: Implicit physical register R0 should be defined as a variable
src\nand.c(114): warning:  #1267-D: Implicit physical register R12 should be defined as a variable
src\nand.c(170): warning:  #223-D: function "ReadPage" declared implicitly
src\nand.c(143): warning: C3017W: parameters may be used before being set
compiling nand_lowlevel.c...
compiling u2440mon.c...
src\u2440mon.c(53): warning:  #223-D: function "InitNandFlash" declared implicitly
src\u2440mon.c(54): warning:  #223-D: function "LoadRun" declared implicitly
linking...
bootloader.sct(8): warning: L6314W: No section matches pattern *(InRoot$$Sections).
Program Size: Code=3352 RO-data=200 RW-data=584 ZI-data=0  
FromELF: creating hex file...
User command #1: E:\Keil\ARM\BIN40\fromelf.exe --bin -o ./bootloader.bin ./bootloader.axf
"bootloader.axf" - 0 Error(s), 11 Warning(s).
Rebuild target 'Target 1'
assembling 2440init.s...
src\2440init.s(223): warning: A1608W: MOV pc,<rn> instruction used, but BX <rn> is preferred
compiling 2440lib.c...
src\2440lib.c(102): warning:  #177-D: variable "i" was declared but never referenced
compiling nand.c...
src\nand.c(86): warning:  #1267-D: Implicit physical register R1 should be defined as a variable
src\nand.c(89): warning:  #1267-D: Implicit physical register R3 should be defined as a variable
src\nand.c(103): warning:  #1267-D: Implicit physical register R0 should be defined as a variable
src\nand.c(114): warning:  #1267-D: Implicit physical register R12 should be defined as a variable
src\nand.c(170): warning:  #223-D: function "ReadPage" declared implicitly
src\nand.c(143): warning: C3017W: parameters may be used before being set
compiling nand_lowlevel.c...
compiling u2440mon.c...
src\u2440mon.c(52): warning:  #223-D: function "InitNandFlash" declared implicitly
src\u2440mon.c(53): warning:  #223-D: function "LoadRun" declared implicitly
linking...
bootloader.sct(8): warning: L6314W: No section matches pattern *(InRoot$$Sections).
Program Size: Code=3352 RO-data=200 RW-data=584 ZI-data=0  
FromELF: creating hex file...
User command #1: E:\Keil\ARM\BIN40\fromelf.exe --bin -o ./bootloader.bin ./bootloader.axf
"bootloader.axf" - 0 Error(s), 11 Warning(s).
Rebuild target 'Target 1'
assembling 2440init.s...
src\2440init.s(223): warning: A1608W: MOV pc,<rn> instruction used, but BX <rn> is preferred
compiling 2440lib.c...
src\2440lib.c(79): warning:  #177-D: variable "i" was declared but never referenced
compiling nand.c...
src\nand.c(86): warning:  #1267-D: Implicit physical register R1 should be defined as a variable
src\nand.c(89): warning:  #1267-D: Implicit physical register R3 should be defined as a variable
src\nand.c(103): warning:  #1267-D: Implicit physical register R0 should be defined as a variable
src\nand.c(114): warning:  #1267-D: Implicit physical register R12 should be defined as a variable
src\nand.c(170): warning:  #223-D: function "ReadPage" declared implicitly
src\nand.c(143): warning: C3017W: parameters may be used before being set
compiling nand_lowlevel.c...
compiling u2440mon.c...
src\u2440mon.c(52): warning:  #223-D: function "InitNandFlash" declared implicitly
src\u2440mon.c(53): warning:  #223-D: function "LoadRun" declared implicitly
linking...
bootloader.sct(8): warning: L6314W: No section matches pattern *(InRoot$$Sections).
Program Size: Code=2996 RO-data=200 RW-data=580 ZI-data=0  
FromELF: creating hex file...
User command #1: E:\Keil\ARM\BIN40\fromelf.exe --bin -o ./bootloader.bin ./bootloader.axf
"bootloader.axf" - 0 Error(s), 11 Warning(s).
